★ eas-cli@21.8.0 is now available.
To upgrade, run:
npm install -g eas-cli
Proceeding with outdated version.


⚠️ Detected that your app uses Expo Go for development, this is not recommended when building production apps.
Learn more: https://expo.fyi/why-not-build-expo-go-for-production
To suppress this warning, set EAS_BUILD_NO_EXPO_GO_WARNING=true.

Resolved "production" environment for the build. Learn more: https://docs.expo.dev/eas/environment-variables/#setting-the-environment-for-your-builds
No environment variables with visibility "Plain text" and "Sensitive" found for the "production" environment on EAS.
Environment variables loaded from the "production" build profile "env" configuration: EXPO_PUBLIC_API_BASE_URL.

- Incrementing versionCode from 4 to 5.
✔ Incremented versionCode from 4 to 5.


✔ Using remote Android credentials (Expo server)
✔ Using Keystore from configuration: Build Credentials -x43uNFUQ5 (default)

Compressing project files and uploading to EAS Build. Learn more: https://expo.fyi/eas-build-archive
- Compressing project files
- Uploading to EAS Build (0 / 10.7 MB)
✔ Uploaded to EAS 3s
- Computing project fingerprint
⌛️ Computing the project fingerprint is taking longer than expected...
⏩ To skip this step, set the environment variable: EAS_SKIP_AUTO_FINGERPRINT=1
✔ Computed project fingerprint
This account has used its Android builds from the Free plan this month, which will reset in 17 days (on Tue Sep 01 2026). Upgrade your plan for more builds with shorter wait times and longer timeouts, and to run more builds concurrently with a subscription plan. https://expo.dev/accounts/dev-kim/settings/billing
    Error: build command failed.
